[     519ms] [LOG] [Fast Refresh] rebuilding @ webpack-internal:///(app-pages-browser)/./node_modules/.pnpm/next@15.1.11_react-dom@19.0.0_react@19.0.0__react@19.0.0/node_modules/next/dist/client/components/react-dev-overlay/app/hot-reloader-client.js:240
[    3611ms] [LOG] [Fast Refresh] done in 3091ms @ webpack-internal:///(app-pages-browser)/./node_modules/.pnpm/next@15.1.11_react-dom@19.0.0_react@19.0.0__react@19.0.0/node_modules/next/dist/client/components/react-dev-overlay/app/hot-reloader-client.js:67
[    4848ms] [INFO] %cDownload the React DevTools for a better development experience: https://react.dev/link/react-devtools font-weight:bold @ webpack-internal:///(app-pages-browser)/./node_modules/.pnpm/next@15.1.11_react-dom@19.0.0_react@19.0.0__react@19.0.0/node_modules/next/dist/compiled/react-dom/cjs/react-dom-client.development.js:24650
[    5651ms] [ERROR] Access to fetch at 'http://localhost:3030/receipts/OWNER' from origin 'http://localhost:3001' has been blocked by CORS policy: Response to preflight request doesn't pass access control check: The 'Access-Control-Allow-Origin' header has a value 'http://localhost:3000' that is not equal to the supplied origin. Have the server send the header with a valid value. @ http://localhost:3001/owners:0
[    5651ms] [ERROR] Failed to load resource: net::ERR_FAILED @ http://localhost:3030/receipts/OWNER:0
[    5652ms] [ERROR] TypeError: Failed to fetch
    at findAllPendingReceipts (webpack-internal:///(app-pages-browser)/./src/services/customers.service.ts:289:32)
    at DropdownMenuAction.useEffect.checkReceipts (webpack-internal:///(app-pages-browser)/./src/app/(protected)/(user)/components/customers/drop-menu-actions.tsx:67:127)
    at DropdownMenuAction.useEffect (webpack-internal:///(app-pages-browser)/./src/app/(protected)/(user)/components/customers/drop-menu-actions.tsx:83:13)
    at react-stack-bottom-frame (webpack-internal:///(app-pages-browser)/./node_modules/.pnpm/next@15.1.11_react-dom@19.0.0_react@19.0.0__react@19.0.0/node_modules/next/dist/compiled/react-dom/cjs/react-dom-client.development.js:23696:20)
    at runWithFiberInDEV (webpack-internal:///(app-pages-browser)/./node_modules/.pnpm/next@15.1.11_react-dom@19.0.0_react@19.0.0__react@19.0.0/node_modules/next/dist/compiled/react-dom/cjs/react-dom-client.development.js:544:16)
    at commitHookEffectListMount (webpack-internal:///(app-pages-browser)/./node_modules/.pnpm/next@15.1.11_react-dom@19.0.0_react@19.0.0__react@19.0.0/node_modules/next/dist/compiled/react-dom/cjs/react-dom-client.development.js:10764:29)
    at commitHookPassiveMountEffects (webpack-internal:///(app-pages-browser)/./node_modules/.pnpm/next@15.1.11_react-dom@19.0.0_react@19.0.0__react@19.0.0/node_modules/next/dist/compiled/react-dom/cjs/react-dom-client.development.js:10884:11)
    at commitPassiveMountOnFiber (webpack-internal:///(app-pages-browser)/./node_modules/.pnpm/next@15.1.11_react-dom@19.0.0_react@19.0.0__react@19.0.0/node_modules/next/dist/compiled/react-dom/cjs/react-dom-client.development.js:12669:13)
    at recursivelyTraversePassiveMountEffects (webpack-internal:///(app-pages-browser)/./node_modules/.pnpm/next@15.1.11_react-dom@19.0.0_react@19.0.0__react@19.0.0/node_modules/next/dist/compiled/react-dom/cjs/react-dom-client.development.js:12643:11)
    at commitPassiveMountOnFiber (webpack-internal:///(app-pages-browser)/./node_modules/.pnpm/next@15.1.11_react-dom@19.0.0_react@19.0.0__react@19.0.0/node_modules/next/dist/compiled/react-dom/cjs/react-dom-client.development.js:12771:11)
    at recursivelyTraversePassiveMountEffects (webpack-internal:///(app-pages-browser)/./node_modules/.pnpm/next@15.1.11_react-dom@19.0.0_react@19.0.0__react@19.0.0/node_modules/next/dist/compiled/react-dom/cjs/react-dom-client.development.js:12643:11)
    at commitPassiveMountOnFiber (webpack-internal:///(app-pages-browser)/./node_modules/.pnpm/next@15.1.11_react-dom@19.0.0_react@19.0.0__react@19.0.0/node_modules/next/dist/compiled/react-dom/cjs/react-dom-client.development.js:12771:11)
    at recursivelyTraversePassiveMountEffects (webpack-internal:///(app-pages-browser)/./node_modules/.pnpm/next@15.1.11_react-dom@19.0.0_react@19.0.0__react@19.0.0/node_modules/next/dist/compiled/react-dom/cjs/react-dom-client.development.js:12643:11)
    at commitPassiveMountOnFiber (webpack-internal:///(app-pages-browser)/./node_modules/.pnpm/next@15.1.11_react-dom@19.0.0_react@19.0.0__react@19.0.0/node_modules/next/dist/compiled/react-dom/cjs/react-dom-client.development.js:12771:11)
    at recursivelyTraversePassiveMountEffects (webpack-internal:///(app-pages-browser)/./node_modules/.pnpm/next@15.1.11_react-dom@19.0.0_react@19.0.0__react@19.0.0/node_modules/next/dist/compiled/react-dom/cjs/react-dom-client.development.js:12643:11)
    at commitPassiveMountOnFiber (webpack-internal:///(app-pages-browser)/./node_modules/.pnpm/next@15.1.11_react-dom@19.0.0_react@19.0.0__react@19.0.0/node_modules/next/dist/compiled/react-dom/cjs/react-dom-client.development.js:12771:11)
    at recursivelyTraversePassiveMountEffects (webpack-internal:///(app-pages-browser)/./node_modules/.pnpm/next@15.1.11_react-dom@19.0.0_react@19.0.0__react@19.0.0/node_modules/next/dist/compiled/react-dom/cjs/react-dom-client.development.js:12643:11)
    at commitPassiveMountOnFiber (webpack-internal:///(app-pages-browser)/./node_modules/.pnpm/next@15.1.11_react-dom@19.0.0_react@19.0.0__react@19.0.0/node_modules/next/dist/compiled/react-dom/cjs/react-dom-client.development.js:12662:11)
    at recursivelyTraversePassiveMountEffects (webpack-internal:///(app-pages-browser)/./node_modules/.pnpm/next@15.1.11_react-dom@19.0.0_react@19.0.0__react@19.0.0/node_modules/next/dist/compiled/react-dom/cjs/react-dom-client.development.js:12643:11)
    at commitPassiveMountOnFiber (webpack-internal:///(app-pages-browser)/./node_modules/.pnpm/next@15.1.11_react-dom@19.0.0_react@19.0.0__react@19.0.0/node_modules/next/dist/compiled/react-dom/cjs/react-dom-client.development.js:12771:11)
    at recursivelyTraversePassiveMountEffects (webpack-internal:///(app-pages-browser)/./node_modules/.pnpm/next@15.1.11_react-dom@19.0.0_react@19.0.0__react@19.0.0/node_modules/next/dist/compiled/react-dom/cjs/react-dom-client.development.js:12643:11)
    at commitPassiveMountOnFiber (webpack-internal:///(app-pages-browser)/./node_modules/.pnpm/next@15.1.11_react-dom@19.0.0_react@19.0.0__react@19.0.0/node_modules/next/dist/compiled/react-dom/cjs/react-dom-client.development.js:12662:11)
    at recursivelyTraversePassiveMountEffects (webpack-internal:///(app-pages-browser)/./node_modules/.pnpm/next@15.1.11_react-dom@19.0.0_react@19.0.0__react@19.0.0/node_modules/next/dist/compiled/react-dom/cjs/react-dom-client.development.js:12643:11)
    at commitPassiveMountOnFiber (webpack-internal:///(app-pages-browser)/./node_modules/.pnpm/next@15.1.11_react-dom@19.0.0_react@19.0.0__react@19.0.0/node_modules/next/dist/compiled/react-dom/cjs/react-dom-client.development.js:12662:11)
    at recursivelyTraversePassiveMountEffects (webpack-internal:///(app-pages-browser)/./node_modules/.pnpm/next@15.1.11_react-dom@19.0.0_react@19.0.0__react@19.0.0/node_modules/next/dist/compiled/react-dom/cjs/react-dom-client.development.js:12643:11)
    at commitPassiveMountOnFiber (webpack-internal:///(app-pages-browser)/./node_modules/.pnpm/next@15.1.11_react-dom@19.0.0_react@19.0.0__react@19.0.0/node_modules/next/dist/compiled/react-dom/cjs/react-dom-client.development.js:12662:11)
    at recursivelyTraversePassiveMountEffects (webpack-internal:///(app-pages-browser)/./node_modules/.pnpm/next@15.1.11_react-dom@19.0.0_react@19.0.0__react@19.0.0/node_modules/next/dist/compiled/react-dom/cjs/react-dom-client.development.js:12643:11)
    at commitPassiveMountOnFiber (webpack-internal:///(app-pages-browser)/./node_modules/.pnpm/next@15.1.11_react-dom@19.0.0_react@19.0.0__react@19.0.0/node_modules/next/dist/compiled/react-dom/cjs/react-dom-client.development.js:12662:11)
    at recursivelyTraversePassiveMountEffects (webpack-internal:///(app-pages-browser)/./node_modules/.pnpm/next@15.1.11_react-dom@19.0.0_react@19.0.0__react@19.0.0/node_modules/next/dist/compiled/react-dom/cjs/react-dom-client.development.js:12643:11)
    at commitPassiveMountOnFiber (webpack-internal:///(app-pages-browser)/./node_modules/.pnpm/next@15.1.11_react-dom@19.0.0_react@19.0.0__react@19.0.0/node_modules/next/dist/compiled/react-dom/cjs/react-dom-client.development.js:12771:11)
    at recursivelyTraversePassiveMountEffects (webpack-internal:///(app-pages-browser)/./node_modules/.pnpm/next@15.1.11_react-dom@19.0.0_react@19.0.0__react@19.0.0/node_modules/next/dist/compiled/react-dom/cjs/react-dom-client.development.js:12643:11)
    at commitPassiveMountOnFiber (webpack-internal:///(app-pages-browser)/./node_modules/.pnpm/next@15.1.11_react-dom@19.0.0_react@19.0.0__react@19.0.0/node_modules/next/dist/compiled/react-dom/cjs/react-dom-client.development.js:12662:11)
    at recursivelyTraversePassiveMountEffects (webpack-internal:///(app-pages-browser)/./node_modules/.pnpm/next@15.1.11_react-dom@19.0.0_react@19.0.0__react@19.0.0/node_modules/next/dist/compiled/react-dom/cjs/react-dom-client.development.js:12643:11)
    at commitPassiveMountOnFiber (webpack-internal:///(app-pages-browser)/./node_modules/.pnpm/next@15.1.11_react-dom@19.0.0_react@19.0.0__react@19.0.0/node_modules/next/dist/compiled/react-dom/cjs/react-dom-client.development.js:12662:11)
    at recursivelyTraversePassiveMountEffects (webpack-internal:///(app-pages-browser)/./node_modules/.pnpm/next@15.1.11_react-dom@19.0.0_react@19.0.0__react@19.0.0/node_modules/next/dist/compiled/react-dom/cjs/react-dom-client.development.js:12643:11)
    at commitPassiveMountOnFiber (webpack-internal:///(app-pages-browser)/./node_modules/.pnpm/next@15.1.11_react-dom@19.0.0_react@19.0.0__react@19.0.0/node_modules/next/dist/compiled/react-dom/cjs/react-dom-client.development.js:12771:11)
    at recursivelyTraversePassiveMountEffects (webpack-internal:///(app-pages-browser)/./node_modules/.pnpm/next@15.1.11_react-dom@19.0.0_react@19.0.0__react@19.0.0/node_modules/next/dist/compiled/react-dom/cjs/react-dom-client.development.js:12643:11)
    at commitPassiveMountOnFiber (webpack-internal:///(app-pages-browser)/./node_modules/.pnpm/next@15.1.11_react-dom@19.0.0_react@19.0.0__react@19.0.0/node_modules/next/dist/compiled/react-dom/cjs/react-dom-client.development.js:12662:11)
    at recursivelyTraversePassiveMountEffects (webpack-internal:///(app-pages-browser)/./node_modules/.pnpm/next@15.1.11_react-dom@19.0.0_react@19.0.0__react@19.0.0/node_modules/next/dist/compiled/react-dom/cjs/react-dom-client.development.js:12643:11)
    at commitPassiveMountOnFiber (webpack-internal:///(app-pages-browser)/./node_modules/.pnpm/next@15.1.11_react-dom@19.0.0_react@19.0.0__react@19.0.0/node_modules/next/dist/compiled/react-dom/cjs/react-dom-client.development.js:12771:11)
    at recursivelyTraversePassiveMountEffects (webpack-internal:///(app-pages-browser)/./node_modules/.pnpm/next@15.1.11_react-dom@19.0.0_react@19.0.0__react@19.0.0/node_modules/next/dist/compiled/react-dom/cjs/react-dom-client.development.js:12643:11)
    at commitPassiveMountOnFiber (webpack-internal:///(app-pages-browser)/./node_modules/.pnpm/next@15.1.11_react-dom@19.0.0_react@19.0.0__react@19.0.0/node_modules/next/dist/compiled/react-dom/cjs/react-dom-client.development.js:12771:11)
    at recursivelyTraversePassiveMountEffects (webpack-internal:///(app-pages-browser)/./node_modules/.pnpm/next@15.1.11_react-dom@19.0.0_react@19.0.0__react@19.0.0/node_modules/next/dist/compiled/react-dom/cjs/react-dom-client.development.js:12643:11)
    at commitPassiveMountOnFiber (webpack-internal:///(app-pages-browser)/./node_modules/.pnpm/next@15.1.11_react-dom@19.0.0_react@19.0.0__react@19.0.0/node_modules/next/dist/compiled/react-dom/cjs/react-dom-client.development.js:12662:11)
    at recursivelyTraversePassiveMountEffects (webpack-internal:///(app-pages-browser)/./node_modules/.pnpm/next@15.1.11_react-dom@19.0.0_react@19.0.0__react@19.0.0/node_modules/next/dist/compiled/react-dom/cjs/react-dom-client.development.js:12643:11)
    at commitPassiveMountOnFiber (webpack-internal:///(app-pages-browser)/./node_modules/.pnpm/next@15.1.11_react-dom@19.0.0_react@19.0.0__react@19.0.0/node_modules/next/dist/compiled/react-dom/cjs/react-dom-client.development.js:12771:11)
    at recursivelyTraversePassiveMountEffects (webpack-internal:///(app-pages-browser)/./node_modules/.pnpm/next@15.1.11_react-dom@19.0.0_react@19.0.0__react@19.0.0/node_modules/next/dist/compiled/react-dom/cjs/react-dom-client.development.js:12643:11)
    at commitPassiveMountOnFiber (webpack-internal:///(app-pages-browser)/./node_modules/.pnpm/next@15.1.11_react-dom@19.0.0_react@19.0.0__react@19.0.0/node_modules/next/dist/compiled/react-dom/cjs/react-dom-client.development.js:12662:11)
    at recursivelyTraversePassiveMountEffects (webpack-internal:///(app-pages-browser)/./node_modules/.pnpm/next@15.1.11_react-dom@19.0.0_react@19.0.0__react@19.0.0/node_modules/next/dist/compiled/react-dom/cjs/react-dom-client.development.js:12643:11)
    at commitPassiveMountOnFiber (webpack-internal:///(app-pages-browser)/./node_modules/.pnpm/next@15.1.11_react-dom@19.0.0_react@19.0.0__react@19.0.0/node_modules/next/dist/compiled/react-dom/cjs/react-dom-client.development.js:12662:11) @ webpack-internal:///(app-pages-browser)/./node_modules/.pnpm/next@15.1.11_react-dom@19.0.0_react@19.0.0__react@19.0.0/node_modules/next/dist/client/components/globals/intercept-console-error.js:50
[    5655ms] [ERROR] Error al obtener recibos: undefined @ webpack-internal:///(app-pages-browser)/./node_modules/.pnpm/next@15.1.11_react-dom@19.0.0_react@19.0.0__react@19.0.0/node_modules/next/dist/client/components/globals/intercept-console-error.js:50
[    5708ms] [ERROR] Access to fetch at 'http://localhost:3030/box-lists/date/2026-05-19' from origin 'http://localhost:3001' has been blocked by CORS policy: Response to preflight request doesn't pass access control check: The 'Access-Control-Allow-Origin' header has a value 'http://localhost:3000' that is not equal to the supplied origin. Have the server send the header with a valid value. @ http://localhost:3001/owners:0
[    5709ms] [ERROR] Failed to load resource: net::ERR_FAILED @ http://localhost:3030/box-lists/date/2026-05-19:0
[    5709ms] [ERROR] Error al obtener BoxList: Failed to fetch @ webpack-internal:///(app-pages-browser)/./node_modules/.pnpm/next@15.1.11_react-dom@19.0.0_react@19.0.0__react@19.0.0/node_modules/next/dist/client/components/globals/intercept-console-error.js:50
[    6327ms] [LOG] 🔌 Conectado al WebSocket @ webpack-internal:///(app-pages-browser)/./src/hooks/use-notification.ts:41
[   85863ms] [LOG] [Fast Refresh] rebuilding @ webpack-internal:///(app-pages-browser)/./node_modules/.pnpm/next@15.1.11_react-dom@19.0.0_react@19.0.0__react@19.0.0/node_modules/next/dist/client/components/react-dev-overlay/app/hot-reloader-client.js:240
[   87133ms] [LOG] [Fast Refresh] rebuilding @ webpack-internal:///(app-pages-browser)/./node_modules/.pnpm/next@15.1.11_react-dom@19.0.0_react@19.0.0__react@19.0.0/node_modules/next/dist/client/components/react-dev-overlay/app/hot-reloader-client.js:240
[   87161ms] [LOG] [Fast Refresh] done in 28ms @ webpack-internal:///(app-pages-browser)/./node_modules/.pnpm/next@15.1.11_react-dom@19.0.0_react@19.0.0__react@19.0.0/node_modules/next/dist/client/components/react-dev-overlay/app/hot-reloader-client.js:67
[   89230ms] [LOG] [Fast Refresh] done in 2097ms @ webpack-internal:///(app-pages-browser)/./node_modules/.pnpm/next@15.1.11_react-dom@19.0.0_react@19.0.0__react@19.0.0/node_modules/next/dist/client/components/react-dev-overlay/app/hot-reloader-client.js:67
[   91033ms] [LOG] [Fast Refresh] rebuilding @ webpack-internal:///(app-pages-browser)/./node_modules/.pnpm/next@15.1.11_react-dom@19.0.0_react@19.0.0__react@19.0.0/node_modules/next/dist/client/components/react-dev-overlay/app/hot-reloader-client.js:240
[   91560ms] [LOG] [Fast Refresh] done in 527ms @ webpack-internal:///(app-pages-browser)/./node_modules/.pnpm/next@15.1.11_react-dom@19.0.0_react@19.0.0__react@19.0.0/node_modules/next/dist/client/components/react-dev-overlay/app/hot-reloader-client.js:67
