[    1636ms] [LOG] [Fast Refresh] rebuilding @ webpack-internal:///(app-pages-browser)/./node_modules/.pnpm/next@15.1.11_react-dom@19.0.0_react@19.0.0__react@19.0.0/node_modules/next/dist/client/components/react-dev-overlay/app/hot-reloader-client.js:240
[   11633ms] [LOG] [Fast Refresh] done in 9997ms @ webpack-internal:///(app-pages-browser)/./node_modules/.pnpm/next@15.1.11_react-dom@19.0.0_react@19.0.0__react@19.0.0/node_modules/next/dist/client/components/react-dev-overlay/app/hot-reloader-client.js:67
[   16903ms] [ERROR] Failed to fetch RSC payload for http://localhost:3000/tickets. Falling back to browser navigation. TypeError: network error @ webpack-internal:///(app-pages-browser)/./node_modules/.pnpm/next@15.1.11_react-dom@19.0.0_react@19.0.0__react@19.0.0/node_modules/next/dist/client/components/globals/intercept-console-error.js:50
[   18084ms] [INFO] %cDownload the React DevTools for a better development experience: https://react.dev/link/react-devtools font-weight:bold @ webpack-internal:///(app-pages-browser)/./node_modules/.pnpm/next@15.1.11_react-dom@19.0.0_react@19.0.0__react@19.0.0/node_modules/next/dist/compiled/react-dom/cjs/react-dom-client.development.js:24650
[   19742ms] [LOG] 🔌 Conectado al WebSocket @ webpack-internal:///(app-pages-browser)/./src/hooks/use-notification.ts:41
[   21178ms] [ERROR] Failed to load resource: the server responded with a status of 404 (Not Found) @ http://localhost:3030/box-lists/date/2026-06-24:0
[   21179ms] [WARNING] No se encontró BoxList para la fecha: 2026-06-24 @ webpack-internal:///(app-pages-browser)/./src/services/box-lists.service.ts:14
[   63535ms] [WARNING] Warning: Missing `Description` or `aria-describedby={undefined}` for {DialogContent}. @ webpack-internal:///(app-pages-browser)/./node_modules/.pnpm/@radix-ui+react-dialog@1.1._617843cc7cbb22405753b53080e03fa3/node_modules/@radix-ui/react-dialog/dist/index.mjs:476
[   63541ms] [WARNING] Warning: Missing `Description` or `aria-describedby={undefined}` for {DialogContent}. @ webpack-internal:///(app-pages-browser)/./node_modules/.pnpm/@radix-ui+react-dialog@1.1._617843cc7cbb22405753b53080e03fa3/node_modules/@radix-ui/react-dialog/dist/index.mjs:476
[  254534ms] [WARNING] Warning: Missing `Description` or `aria-describedby={undefined}` for {DialogContent}. @ webpack-internal:///(app-pages-browser)/./node_modules/.pnpm/@radix-ui+react-dialog@1.1._617843cc7cbb22405753b53080e03fa3/node_modules/@radix-ui/react-dialog/dist/index.mjs:476
[  254535ms] [WARNING] Warning: Missing `Description` or `aria-describedby={undefined}` for {DialogContent}. @ webpack-internal:///(app-pages-browser)/./node_modules/.pnpm/@radix-ui+react-dialog@1.1._617843cc7cbb22405753b53080e03fa3/node_modules/@radix-ui/react-dialog/dist/index.mjs:476
[  573915ms] [LOG] [Fast Refresh] rebuilding @ webpack-internal:///(app-pages-browser)/./node_modules/.pnpm/next@15.1.11_react-dom@19.0.0_react@19.0.0__react@19.0.0/node_modules/next/dist/client/components/react-dev-overlay/app/hot-reloader-client.js:240
[  577086ms] [LOG] [Fast Refresh] rebuilding @ webpack-internal:///(app-pages-browser)/./node_modules/.pnpm/next@15.1.11_react-dom@19.0.0_react@19.0.0__react@19.0.0/node_modules/next/dist/client/components/react-dev-overlay/app/hot-reloader-client.js:240
[  577163ms] [LOG] [Fast Refresh] done in 77ms @ webpack-internal:///(app-pages-browser)/./node_modules/.pnpm/next@15.1.11_react-dom@19.0.0_react@19.0.0__react@19.0.0/node_modules/next/dist/client/components/react-dev-overlay/app/hot-reloader-client.js:67
[  584361ms] [LOG] [Fast Refresh] done in 7275ms @ webpack-internal:///(app-pages-browser)/./node_modules/.pnpm/next@15.1.11_react-dom@19.0.0_react@19.0.0__react@19.0.0/node_modules/next/dist/client/components/react-dev-overlay/app/hot-reloader-client.js:67
[  709250ms] [ERROR] Failed to load resource: the server responded with a status of 404 (Not Found) @ http://localhost:3000/_next/static/chunks/app-pages-internals.js:0
[  709253ms] [ERROR] Failed to load resource: the server responded with a status of 404 (Not Found) @ http://localhost:3000/_next/static/chunks/app/(protected)/layout.js:0
[  709255ms] [ERROR] Failed to load resource: the server responded with a status of 404 (Not Found) @ http://localhost:3000/_next/static/chunks/main-app.js?v=1782310728262:0
[  728980ms] [ERROR] Failed to load resource: the server responded with a status of 404 (Not Found) @ http://localhost:3000/_next/static/chunks/main-app.js?v=1782310758106:0
[  728982ms] [ERROR] Failed to load resource: the server responded with a status of 404 (Not Found) @ http://localhost:3000/_next/static/chunks/app-pages-internals.js:0
[  728999ms] [ERROR] Failed to load resource: the server responded with a status of 404 (Not Found) @ http://localhost:3000/_next/static/chunks/app/(protected)/layout.js:0
