[     659ms] [INFO] %cDownload the React DevTools for a better development experience: https://react.dev/link/react-devtools font-weight:bold @ webpack-internal:///(app-pages-browser)/./node_modules/.pnpm/next@15.1.11_react-dom@19.0.0_react@19.0.0__react@19.0.0/node_modules/next/dist/compiled/react-dom/cjs/react-dom-client.development.js:24650
[    1965ms] [LOG] 🔌 Conectado al WebSocket @ webpack-internal:///(app-pages-browser)/./src/hooks/use-notification.ts:41
[    2809ms] [ERROR] Failed to load resource: the server responded with a status of 404 (Not Found) @ http://localhost:3030/box-lists/date/2026-05-19:0
[    2810ms] [WARNING] No se encontró BoxList para la fecha: 2026-05-19 @ webpack-internal:///(app-pages-browser)/./src/services/box-lists.service.ts:14
[   44787ms] [WARNING] Warning: Missing `Description` or `aria-describedby={undefined}` for {DialogContent}. @ webpack-internal:///(app-pages-browser)/./node_modules/.pnpm/@radix-ui+react-dialog@1.1._c2901b41fdc778ad3ad832516a491241/node_modules/@radix-ui/react-dialog/dist/index.mjs:474
[   44793ms] [WARNING] Warning: Missing `Description` or `aria-describedby={undefined}` for {DialogContent}. @ webpack-internal:///(app-pages-browser)/./node_modules/.pnpm/@radix-ui+react-dialog@1.1._c2901b41fdc778ad3ad832516a491241/node_modules/@radix-ui/react-dialog/dist/index.mjs:474
[  222669ms] [LOG] [Fast Refresh] rebuilding @ webpack-internal:///(app-pages-browser)/./node_modules/.pnpm/next@15.1.11_react-dom@19.0.0_react@19.0.0__react@19.0.0/node_modules/next/dist/client/components/react-dev-overlay/app/hot-reloader-client.js:240
[  223589ms] [LOG] [Fast Refresh] done in 920ms @ webpack-internal:///(app-pages-browser)/./node_modules/.pnpm/next@15.1.11_react-dom@19.0.0_react@19.0.0__react@19.0.0/node_modules/next/dist/client/components/react-dev-overlay/app/hot-reloader-client.js:67
[  241583ms] [LOG] [Fast Refresh] rebuilding @ webpack-internal:///(app-pages-browser)/./node_modules/.pnpm/next@15.1.11_react-dom@19.0.0_react@19.0.0__react@19.0.0/node_modules/next/dist/client/components/react-dev-overlay/app/hot-reloader-client.js:240
[  241983ms] [LOG] [Fast Refresh] done in 400ms @ webpack-internal:///(app-pages-browser)/./node_modules/.pnpm/next@15.1.11_react-dom@19.0.0_react@19.0.0__react@19.0.0/node_modules/next/dist/client/components/react-dev-overlay/app/hot-reloader-client.js:67
[  261504ms] [LOG] [Fast Refresh] rebuilding @ webpack-internal:///(app-pages-browser)/./node_modules/.pnpm/next@15.1.11_react-dom@19.0.0_react@19.0.0__react@19.0.0/node_modules/next/dist/client/components/react-dev-overlay/app/hot-reloader-client.js:240
[  261881ms] [LOG] [Fast Refresh] done in 376ms @ webpack-internal:///(app-pages-browser)/./node_modules/.pnpm/next@15.1.11_react-dom@19.0.0_react@19.0.0__react@19.0.0/node_modules/next/dist/client/components/react-dev-overlay/app/hot-reloader-client.js:67
[  333652ms] [LOG] [Fast Refresh] rebuilding @ webpack-internal:///(app-pages-browser)/./node_modules/.pnpm/next@15.1.11_react-dom@19.0.0_react@19.0.0__react@19.0.0/node_modules/next/dist/client/components/react-dev-overlay/app/hot-reloader-client.js:240
[  334369ms] [LOG] [Fast Refresh] done in 717ms @ webpack-internal:///(app-pages-browser)/./node_modules/.pnpm/next@15.1.11_react-dom@19.0.0_react@19.0.0__react@19.0.0/node_modules/next/dist/client/components/react-dev-overlay/app/hot-reloader-client.js:67
[  386724ms] [LOG] [Fast Refresh] rebuilding @ webpack-internal:///(app-pages-browser)/./node_modules/.pnpm/next@15.1.11_react-dom@19.0.0_react@19.0.0__react@19.0.0/node_modules/next/dist/client/components/react-dev-overlay/app/hot-reloader-client.js:240
[  387284ms] [LOG] [Fast Refresh] rebuilding @ webpack-internal:///(app-pages-browser)/./node_modules/.pnpm/next@15.1.11_react-dom@19.0.0_react@19.0.0__react@19.0.0/node_modules/next/dist/client/components/react-dev-overlay/app/hot-reloader-client.js:240
[  387300ms] [LOG] [Fast Refresh] done in 16ms @ webpack-internal:///(app-pages-browser)/./node_modules/.pnpm/next@15.1.11_react-dom@19.0.0_react@19.0.0__react@19.0.0/node_modules/next/dist/client/components/react-dev-overlay/app/hot-reloader-client.js:67
[  389761ms] [LOG] [Fast Refresh] done in 2476ms @ webpack-internal:///(app-pages-browser)/./node_modules/.pnpm/next@15.1.11_react-dom@19.0.0_react@19.0.0__react@19.0.0/node_modules/next/dist/client/components/react-dev-overlay/app/hot-reloader-client.js:67
[  406156ms] [LOG] [Fast Refresh] rebuilding @ webpack-internal:///(app-pages-browser)/./node_modules/.pnpm/next@15.1.11_react-dom@19.0.0_react@19.0.0__react@19.0.0/node_modules/next/dist/client/components/react-dev-overlay/app/hot-reloader-client.js:240
[  407356ms] [LOG] [Fast Refresh] done in 1200ms @ webpack-internal:///(app-pages-browser)/./node_modules/.pnpm/next@15.1.11_react-dom@19.0.0_react@19.0.0__react@19.0.0/node_modules/next/dist/client/components/react-dev-overlay/app/hot-reloader-client.js:67
[  486453ms] [LOG] [Fast Refresh] rebuilding @ webpack-internal:///(app-pages-browser)/./node_modules/.pnpm/next@15.1.11_react-dom@19.0.0_react@19.0.0__react@19.0.0/node_modules/next/dist/client/components/react-dev-overlay/app/hot-reloader-client.js:240
[  489733ms] [LOG] [Fast Refresh] done in 3281ms @ webpack-internal:///(app-pages-browser)/./node_modules/.pnpm/next@15.1.11_react-dom@19.0.0_react@19.0.0__react@19.0.0/node_modules/next/dist/client/components/react-dev-overlay/app/hot-reloader-client.js:67
[  512705ms] [LOG] [Fast Refresh] rebuilding @ webpack-internal:///(app-pages-browser)/./node_modules/.pnpm/next@15.1.11_react-dom@19.0.0_react@19.0.0__react@19.0.0/node_modules/next/dist/client/components/react-dev-overlay/app/hot-reloader-client.js:240
[  513442ms] [LOG] [Fast Refresh] done in 737ms @ webpack-internal:///(app-pages-browser)/./node_modules/.pnpm/next@15.1.11_react-dom@19.0.0_react@19.0.0__react@19.0.0/node_modules/next/dist/client/components/react-dev-overlay/app/hot-reloader-client.js:67
[  521027ms] [LOG] [Fast Refresh] rebuilding @ webpack-internal:///(app-pages-browser)/./node_modules/.pnpm/next@15.1.11_react-dom@19.0.0_react@19.0.0__react@19.0.0/node_modules/next/dist/client/components/react-dev-overlay/app/hot-reloader-client.js:240
[  521517ms] [LOG] [Fast Refresh] done in 491ms @ webpack-internal:///(app-pages-browser)/./node_modules/.pnpm/next@15.1.11_react-dom@19.0.0_react@19.0.0__react@19.0.0/node_modules/next/dist/client/components/react-dev-overlay/app/hot-reloader-client.js:67
[  528963ms] [LOG] [Fast Refresh] rebuilding @ webpack-internal:///(app-pages-browser)/./node_modules/.pnpm/next@15.1.11_react-dom@19.0.0_react@19.0.0__react@19.0.0/node_modules/next/dist/client/components/react-dev-overlay/app/hot-reloader-client.js:240
[  529784ms] [LOG] [Fast Refresh] done in 820ms @ webpack-internal:///(app-pages-browser)/./node_modules/.pnpm/next@15.1.11_react-dom@19.0.0_react@19.0.0__react@19.0.0/node_modules/next/dist/client/components/react-dev-overlay/app/hot-reloader-client.js:67
[  535342ms] [LOG] [Fast Refresh] rebuilding @ webpack-internal:///(app-pages-browser)/./node_modules/.pnpm/next@15.1.11_react-dom@19.0.0_react@19.0.0__react@19.0.0/node_modules/next/dist/client/components/react-dev-overlay/app/hot-reloader-client.js:240
[  535733ms] [LOG] [Fast Refresh] rebuilding @ webpack-internal:///(app-pages-browser)/./node_modules/.pnpm/next@15.1.11_react-dom@19.0.0_react@19.0.0__react@19.0.0/node_modules/next/dist/client/components/react-dev-overlay/app/hot-reloader-client.js:240
[  535754ms] [LOG] [Fast Refresh] done in 21ms @ webpack-internal:///(app-pages-browser)/./node_modules/.pnpm/next@15.1.11_react-dom@19.0.0_react@19.0.0__react@19.0.0/node_modules/next/dist/client/components/react-dev-overlay/app/hot-reloader-client.js:67
[  536694ms] [LOG] [Fast Refresh] done in 961ms @ webpack-internal:///(app-pages-browser)/./node_modules/.pnpm/next@15.1.11_react-dom@19.0.0_react@19.0.0__react@19.0.0/node_modules/next/dist/client/components/react-dev-overlay/app/hot-reloader-client.js:67
[  617424ms] [LOG] [Fast Refresh] rebuilding @ webpack-internal:///(app-pages-browser)/./node_modules/.pnpm/next@15.1.11_react-dom@19.0.0_react@19.0.0__react@19.0.0/node_modules/next/dist/client/components/react-dev-overlay/app/hot-reloader-client.js:240
[  618415ms] [LOG] [Fast Refresh] done in 992ms @ webpack-internal:///(app-pages-browser)/./node_modules/.pnpm/next@15.1.11_react-dom@19.0.0_react@19.0.0__react@19.0.0/node_modules/next/dist/client/components/react-dev-overlay/app/hot-reloader-client.js:67
[  624952ms] [LOG] [Fast Refresh] rebuilding @ webpack-internal:///(app-pages-browser)/./node_modules/.pnpm/next@15.1.11_react-dom@19.0.0_react@19.0.0__react@19.0.0/node_modules/next/dist/client/components/react-dev-overlay/app/hot-reloader-client.js:240
[  625490ms] [LOG] [Fast Refresh] done in 538ms @ webpack-internal:///(app-pages-browser)/./node_modules/.pnpm/next@15.1.11_react-dom@19.0.0_react@19.0.0__react@19.0.0/node_modules/next/dist/client/components/react-dev-overlay/app/hot-reloader-client.js:67
[  643492ms] [LOG] [Fast Refresh] rebuilding @ webpack-internal:///(app-pages-browser)/./node_modules/.pnpm/next@15.1.11_react-dom@19.0.0_react@19.0.0__react@19.0.0/node_modules/next/dist/client/components/react-dev-overlay/app/hot-reloader-client.js:240
[  643890ms] [LOG] [Fast Refresh] done in 399ms @ webpack-internal:///(app-pages-browser)/./node_modules/.pnpm/next@15.1.11_react-dom@19.0.0_react@19.0.0__react@19.0.0/node_modules/next/dist/client/components/react-dev-overlay/app/hot-reloader-client.js:67
[  656149ms] [LOG] [Fast Refresh] rebuilding @ webpack-internal:///(app-pages-browser)/./node_modules/.pnpm/next@15.1.11_react-dom@19.0.0_react@19.0.0__react@19.0.0/node_modules/next/dist/client/components/react-dev-overlay/app/hot-reloader-client.js:240
[  656552ms] [LOG] [Fast Refresh] done in 403ms @ webpack-internal:///(app-pages-browser)/./node_modules/.pnpm/next@15.1.11_react-dom@19.0.0_react@19.0.0__react@19.0.0/node_modules/next/dist/client/components/react-dev-overlay/app/hot-reloader-client.js:67
[  664019ms] [LOG] [Fast Refresh] rebuilding @ webpack-internal:///(app-pages-browser)/./node_modules/.pnpm/next@15.1.11_react-dom@19.0.0_react@19.0.0__react@19.0.0/node_modules/next/dist/client/components/react-dev-overlay/app/hot-reloader-client.js:240
[  664407ms] [LOG] [Fast Refresh] done in 388ms @ webpack-internal:///(app-pages-browser)/./node_modules/.pnpm/next@15.1.11_react-dom@19.0.0_react@19.0.0__react@19.0.0/node_modules/next/dist/client/components/react-dev-overlay/app/hot-reloader-client.js:67
[  671255ms] [LOG] [Fast Refresh] rebuilding @ webpack-internal:///(app-pages-browser)/./node_modules/.pnpm/next@15.1.11_react-dom@19.0.0_react@19.0.0__react@19.0.0/node_modules/next/dist/client/components/react-dev-overlay/app/hot-reloader-client.js:240
[  671682ms] [LOG] [Fast Refresh] done in 427ms @ webpack-internal:///(app-pages-browser)/./node_modules/.pnpm/next@15.1.11_react-dom@19.0.0_react@19.0.0__react@19.0.0/node_modules/next/dist/client/components/react-dev-overlay/app/hot-reloader-client.js:67
[  677955ms] [LOG] [Fast Refresh] rebuilding @ webpack-internal:///(app-pages-browser)/./node_modules/.pnpm/next@15.1.11_react-dom@19.0.0_react@19.0.0__react@19.0.0/node_modules/next/dist/client/components/react-dev-overlay/app/hot-reloader-client.js:240
[  678395ms] [LOG] [Fast Refresh] done in 441ms @ webpack-internal:///(app-pages-browser)/./node_modules/.pnpm/next@15.1.11_react-dom@19.0.0_react@19.0.0__react@19.0.0/node_modules/next/dist/client/components/react-dev-overlay/app/hot-reloader-client.js:67
[  691584ms] [LOG] [Fast Refresh] rebuilding @ webpack-internal:///(app-pages-browser)/./node_modules/.pnpm/next@15.1.11_react-dom@19.0.0_react@19.0.0__react@19.0.0/node_modules/next/dist/client/components/react-dev-overlay/app/hot-reloader-client.js:240
[  692083ms] [LOG] [Fast Refresh] done in 499ms @ webpack-internal:///(app-pages-browser)/./node_modules/.pnpm/next@15.1.11_react-dom@19.0.0_react@19.0.0__react@19.0.0/node_modules/next/dist/client/components/react-dev-overlay/app/hot-reloader-client.js:67
[  812117ms] [LOG] [Fast Refresh] rebuilding @ webpack-internal:///(app-pages-browser)/./node_modules/.pnpm/next@15.1.11_react-dom@19.0.0_react@19.0.0__react@19.0.0/node_modules/next/dist/client/components/react-dev-overlay/app/hot-reloader-client.js:240
[  813031ms] [LOG] [Fast Refresh] done in 915ms @ webpack-internal:///(app-pages-browser)/./node_modules/.pnpm/next@15.1.11_react-dom@19.0.0_react@19.0.0__react@19.0.0/node_modules/next/dist/client/components/react-dev-overlay/app/hot-reloader-client.js:67
[  827586ms] [LOG] [Fast Refresh] rebuilding @ webpack-internal:///(app-pages-browser)/./node_modules/.pnpm/next@15.1.11_react-dom@19.0.0_react@19.0.0__react@19.0.0/node_modules/next/dist/client/components/react-dev-overlay/app/hot-reloader-client.js:240
[  828028ms] [LOG] [Fast Refresh] done in 443ms @ webpack-internal:///(app-pages-browser)/./node_modules/.pnpm/next@15.1.11_react-dom@19.0.0_react@19.0.0__react@19.0.0/node_modules/next/dist/client/components/react-dev-overlay/app/hot-reloader-client.js:67
[  837542ms] [LOG] [Fast Refresh] rebuilding @ webpack-internal:///(app-pages-browser)/./node_modules/.pnpm/next@15.1.11_react-dom@19.0.0_react@19.0.0__react@19.0.0/node_modules/next/dist/client/components/react-dev-overlay/app/hot-reloader-client.js:240
[  837967ms] [LOG] [Fast Refresh] done in 424ms @ webpack-internal:///(app-pages-browser)/./node_modules/.pnpm/next@15.1.11_react-dom@19.0.0_react@19.0.0__react@19.0.0/node_modules/next/dist/client/components/react-dev-overlay/app/hot-reloader-client.js:67
[  846344ms] [LOG] [Fast Refresh] rebuilding @ webpack-internal:///(app-pages-browser)/./node_modules/.pnpm/next@15.1.11_react-dom@19.0.0_react@19.0.0__react@19.0.0/node_modules/next/dist/client/components/react-dev-overlay/app/hot-reloader-client.js:240
[  846756ms] [LOG] [Fast Refresh] done in 411ms @ webpack-internal:///(app-pages-browser)/./node_modules/.pnpm/next@15.1.11_react-dom@19.0.0_react@19.0.0__react@19.0.0/node_modules/next/dist/client/components/react-dev-overlay/app/hot-reloader-client.js:67
[  850548ms] [LOG] [Fast Refresh] rebuilding @ webpack-internal:///(app-pages-browser)/./node_modules/.pnpm/next@15.1.11_react-dom@19.0.0_react@19.0.0__react@19.0.0/node_modules/next/dist/client/components/react-dev-overlay/app/hot-reloader-client.js:240
[  851003ms] [LOG] [Fast Refresh] done in 455ms @ webpack-internal:///(app-pages-browser)/./node_modules/.pnpm/next@15.1.11_react-dom@19.0.0_react@19.0.0__react@19.0.0/node_modules/next/dist/client/components/react-dev-overlay/app/hot-reloader-client.js:67
[  854732ms] [LOG] [Fast Refresh] rebuilding @ webpack-internal:///(app-pages-browser)/./node_modules/.pnpm/next@15.1.11_react-dom@19.0.0_react@19.0.0__react@19.0.0/node_modules/next/dist/client/components/react-dev-overlay/app/hot-reloader-client.js:240
[  855274ms] [LOG] [Fast Refresh] done in 542ms @ webpack-internal:///(app-pages-browser)/./node_modules/.pnpm/next@15.1.11_react-dom@19.0.0_react@19.0.0__react@19.0.0/node_modules/next/dist/client/components/react-dev-overlay/app/hot-reloader-client.js:67
[  857528ms] [LOG] [Fast Refresh] rebuilding @ webpack-internal:///(app-pages-browser)/./node_modules/.pnpm/next@15.1.11_react-dom@19.0.0_react@19.0.0__react@19.0.0/node_modules/next/dist/client/components/react-dev-overlay/app/hot-reloader-client.js:240
[  857976ms] [LOG] [Fast Refresh] done in 448ms @ webpack-internal:///(app-pages-browser)/./node_modules/.pnpm/next@15.1.11_react-dom@19.0.0_react@19.0.0__react@19.0.0/node_modules/next/dist/client/components/react-dev-overlay/app/hot-reloader-client.js:67
[  910919ms] [LOG] [Fast Refresh] rebuilding @ webpack-internal:///(app-pages-browser)/./node_modules/.pnpm/next@15.1.11_react-dom@19.0.0_react@19.0.0__react@19.0.0/node_modules/next/dist/client/components/react-dev-overlay/app/hot-reloader-client.js:240
[  913368ms] [LOG] [Fast Refresh] done in 2449ms @ webpack-internal:///(app-pages-browser)/./node_modules/.pnpm/next@15.1.11_react-dom@19.0.0_react@19.0.0__react@19.0.0/node_modules/next/dist/client/components/react-dev-overlay/app/hot-reloader-client.js:67
[  925111ms] [LOG] [Fast Refresh] rebuilding @ webpack-internal:///(app-pages-browser)/./node_modules/.pnpm/next@15.1.11_react-dom@19.0.0_react@19.0.0__react@19.0.0/node_modules/next/dist/client/components/react-dev-overlay/app/hot-reloader-client.js:240
[  925601ms] [LOG] [Fast Refresh] done in 490ms @ webpack-internal:///(app-pages-browser)/./node_modules/.pnpm/next@15.1.11_react-dom@19.0.0_react@19.0.0__react@19.0.0/node_modules/next/dist/client/components/react-dev-overlay/app/hot-reloader-client.js:67
[  941490ms] [LOG] [Fast Refresh] rebuilding @ webpack-internal:///(app-pages-browser)/./node_modules/.pnpm/next@15.1.11_react-dom@19.0.0_react@19.0.0__react@19.0.0/node_modules/next/dist/client/components/react-dev-overlay/app/hot-reloader-client.js:240
[  942004ms] [LOG] [Fast Refresh] done in 513ms @ webpack-internal:///(app-pages-browser)/./node_modules/.pnpm/next@15.1.11_react-dom@19.0.0_react@19.0.0__react@19.0.0/node_modules/next/dist/client/components/react-dev-overlay/app/hot-reloader-client.js:67
[  974826ms] [LOG] [Fast Refresh] rebuilding @ webpack-internal:///(app-pages-browser)/./node_modules/.pnpm/next@15.1.11_react-dom@19.0.0_react@19.0.0__react@19.0.0/node_modules/next/dist/client/components/react-dev-overlay/app/hot-reloader-client.js:240
[  975380ms] [LOG] [Fast Refresh] rebuilding @ webpack-internal:///(app-pages-browser)/./node_modules/.pnpm/next@15.1.11_react-dom@19.0.0_react@19.0.0__react@19.0.0/node_modules/next/dist/client/components/react-dev-overlay/app/hot-reloader-client.js:240
[  975392ms] [LOG] [Fast Refresh] done in 12ms @ webpack-internal:///(app-pages-browser)/./node_modules/.pnpm/next@15.1.11_react-dom@19.0.0_react@19.0.0__react@19.0.0/node_modules/next/dist/client/components/react-dev-overlay/app/hot-reloader-client.js:67
[  977055ms] [LOG] [Fast Refresh] done in 1676ms @ webpack-internal:///(app-pages-browser)/./node_modules/.pnpm/next@15.1.11_react-dom@19.0.0_react@19.0.0__react@19.0.0/node_modules/next/dist/client/components/react-dev-overlay/app/hot-reloader-client.js:67
[  999678ms] [LOG] [Fast Refresh] rebuilding @ webpack-internal:///(app-pages-browser)/./node_modules/.pnpm/next@15.1.11_react-dom@19.0.0_react@19.0.0__react@19.0.0/node_modules/next/dist/client/components/react-dev-overlay/app/hot-reloader-client.js:240
[ 1000271ms] [LOG] [Fast Refresh] done in 594ms @ webpack-internal:///(app-pages-browser)/./node_modules/.pnpm/next@15.1.11_react-dom@19.0.0_react@19.0.0__react@19.0.0/node_modules/next/dist/client/components/react-dev-overlay/app/hot-reloader-client.js:67
[ 1037628ms] [LOG] [Fast Refresh] rebuilding @ webpack-internal:///(app-pages-browser)/./node_modules/.pnpm/next@15.1.11_react-dom@19.0.0_react@19.0.0__react@19.0.0/node_modules/next/dist/client/components/react-dev-overlay/app/hot-reloader-client.js:240
[ 1038091ms] [LOG] [Fast Refresh] rebuilding @ webpack-internal:///(app-pages-browser)/./node_modules/.pnpm/next@15.1.11_react-dom@19.0.0_react@19.0.0__react@19.0.0/node_modules/next/dist/client/components/react-dev-overlay/app/hot-reloader-client.js:240
[ 1038112ms] [LOG] [Fast Refresh] done in 21ms @ webpack-internal:///(app-pages-browser)/./node_modules/.pnpm/next@15.1.11_react-dom@19.0.0_react@19.0.0__react@19.0.0/node_modules/next/dist/client/components/react-dev-overlay/app/hot-reloader-client.js:67
[ 1039346ms] [LOG] [Fast Refresh] done in 1255ms @ webpack-internal:///(app-pages-browser)/./node_modules/.pnpm/next@15.1.11_react-dom@19.0.0_react@19.0.0__react@19.0.0/node_modules/next/dist/client/components/react-dev-overlay/app/hot-reloader-client.js:67
[ 1069347ms] [LOG] [Fast Refresh] rebuilding @ webpack-internal:///(app-pages-browser)/./node_modules/.pnpm/next@15.1.11_react-dom@19.0.0_react@19.0.0__react@19.0.0/node_modules/next/dist/client/components/react-dev-overlay/app/hot-reloader-client.js:240
[ 1069894ms] [LOG] [Fast Refresh] done in 546ms @ webpack-internal:///(app-pages-browser)/./node_modules/.pnpm/next@15.1.11_react-dom@19.0.0_react@19.0.0__react@19.0.0/node_modules/next/dist/client/components/react-dev-overlay/app/hot-reloader-client.js:67
[ 1079136ms] [LOG] [Fast Refresh] rebuilding @ webpack-internal:///(app-pages-browser)/./node_modules/.pnpm/next@15.1.11_react-dom@19.0.0_react@19.0.0__react@19.0.0/node_modules/next/dist/client/components/react-dev-overlay/app/hot-reloader-client.js:240
[ 1079558ms] [LOG] [Fast Refresh] done in 422ms @ webpack-internal:///(app-pages-browser)/./node_modules/.pnpm/next@15.1.11_react-dom@19.0.0_react@19.0.0__react@19.0.0/node_modules/next/dist/client/components/react-dev-overlay/app/hot-reloader-client.js:67
[ 1089531ms] [LOG] [Fast Refresh] rebuilding @ webpack-internal:///(app-pages-browser)/./node_modules/.pnpm/next@15.1.11_react-dom@19.0.0_react@19.0.0__react@19.0.0/node_modules/next/dist/client/components/react-dev-overlay/app/hot-reloader-client.js:240
[ 1090050ms] [LOG] [Fast Refresh] done in 518ms @ webpack-internal:///(app-pages-browser)/./node_modules/.pnpm/next@15.1.11_react-dom@19.0.0_react@19.0.0__react@19.0.0/node_modules/next/dist/client/components/react-dev-overlay/app/hot-reloader-client.js:67
[ 1096349ms] [LOG] [Fast Refresh] rebuilding @ webpack-internal:///(app-pages-browser)/./node_modules/.pnpm/next@15.1.11_react-dom@19.0.0_react@19.0.0__react@19.0.0/node_modules/next/dist/client/components/react-dev-overlay/app/hot-reloader-client.js:240
[ 1096855ms] [LOG] [Fast Refresh] done in 507ms @ webpack-internal:///(app-pages-browser)/./node_modules/.pnpm/next@15.1.11_react-dom@19.0.0_react@19.0.0__react@19.0.0/node_modules/next/dist/client/components/react-dev-overlay/app/hot-reloader-client.js:67
[ 1100656ms] [LOG] [Fast Refresh] rebuilding @ webpack-internal:///(app-pages-browser)/./node_modules/.pnpm/next@15.1.11_react-dom@19.0.0_react@19.0.0__react@19.0.0/node_modules/next/dist/client/components/react-dev-overlay/app/hot-reloader-client.js:240
[ 1101128ms] [LOG] [Fast Refresh] done in 471ms @ webpack-internal:///(app-pages-browser)/./node_modules/.pnpm/next@15.1.11_react-dom@19.0.0_react@19.0.0__react@19.0.0/node_modules/next/dist/client/components/react-dev-overlay/app/hot-reloader-client.js:67
[ 1107607ms] [LOG] [Fast Refresh] rebuilding @ webpack-internal:///(app-pages-browser)/./node_modules/.pnpm/next@15.1.11_react-dom@19.0.0_react@19.0.0__react@19.0.0/node_modules/next/dist/client/components/react-dev-overlay/app/hot-reloader-client.js:240
[ 1108074ms] [LOG] [Fast Refresh] done in 468ms @ webpack-internal:///(app-pages-browser)/./node_modules/.pnpm/next@15.1.11_react-dom@19.0.0_react@19.0.0__react@19.0.0/node_modules/next/dist/client/components/react-dev-overlay/app/hot-reloader-client.js:67
[ 1109520ms] [LOG] [Fast Refresh] rebuilding @ webpack-internal:///(app-pages-browser)/./node_modules/.pnpm/next@15.1.11_react-dom@19.0.0_react@19.0.0__react@19.0.0/node_modules/next/dist/client/components/react-dev-overlay/app/hot-reloader-client.js:240
[ 1109949ms] [LOG] [Fast Refresh] done in 430ms @ webpack-internal:///(app-pages-browser)/./node_modules/.pnpm/next@15.1.11_react-dom@19.0.0_react@19.0.0__react@19.0.0/node_modules/next/dist/client/components/react-dev-overlay/app/hot-reloader-client.js:67
[ 1121001ms] [LOG] [Fast Refresh] rebuilding @ webpack-internal:///(app-pages-browser)/./node_modules/.pnpm/next@15.1.11_react-dom@19.0.0_react@19.0.0__react@19.0.0/node_modules/next/dist/client/components/react-dev-overlay/app/hot-reloader-client.js:240
[ 1121414ms] [LOG] [Fast Refresh] done in 413ms @ webpack-internal:///(app-pages-browser)/./node_modules/.pnpm/next@15.1.11_react-dom@19.0.0_react@19.0.0__react@19.0.0/node_modules/next/dist/client/components/react-dev-overlay/app/hot-reloader-client.js:67
[ 1137369ms] [LOG] [Fast Refresh] rebuilding @ webpack-internal:///(app-pages-browser)/./node_modules/.pnpm/next@15.1.11_react-dom@19.0.0_react@19.0.0__react@19.0.0/node_modules/next/dist/client/components/react-dev-overlay/app/hot-reloader-client.js:240
[ 1137987ms] [LOG] [Fast Refresh] done in 619ms @ webpack-internal:///(app-pages-browser)/./node_modules/.pnpm/next@15.1.11_react-dom@19.0.0_react@19.0.0__react@19.0.0/node_modules/next/dist/client/components/react-dev-overlay/app/hot-reloader-client.js:67
[ 1149028ms] [LOG] [Fast Refresh] rebuilding @ webpack-internal:///(app-pages-browser)/./node_modules/.pnpm/next@15.1.11_react-dom@19.0.0_react@19.0.0__react@19.0.0/node_modules/next/dist/client/components/react-dev-overlay/app/hot-reloader-client.js:240
[ 1149459ms] [LOG] [Fast Refresh] done in 432ms @ webpack-internal:///(app-pages-browser)/./node_modules/.pnpm/next@15.1.11_react-dom@19.0.0_react@19.0.0__react@19.0.0/node_modules/next/dist/client/components/react-dev-overlay/app/hot-reloader-client.js:67
[ 1260407ms] [LOG] [Fast Refresh] rebuilding @ webpack-internal:///(app-pages-browser)/./node_modules/.pnpm/next@15.1.11_react-dom@19.0.0_react@19.0.0__react@19.0.0/node_modules/next/dist/client/components/react-dev-overlay/app/hot-reloader-client.js:240
[ 1261587ms] [LOG] [Fast Refresh] done in 1180ms @ webpack-internal:///(app-pages-browser)/./node_modules/.pnpm/next@15.1.11_react-dom@19.0.0_react@19.0.0__react@19.0.0/node_modules/next/dist/client/components/react-dev-overlay/app/hot-reloader-client.js:67
[ 1262455ms] [LOG] [Fast Refresh] rebuilding @ webpack-internal:///(app-pages-browser)/./node_modules/.pnpm/next@15.1.11_react-dom@19.0.0_react@19.0.0__react@19.0.0/node_modules/next/dist/client/components/react-dev-overlay/app/hot-reloader-client.js:240
[ 1262932ms] [LOG] [Fast Refresh] done in 476ms @ webpack-internal:///(app-pages-browser)/./node_modules/.pnpm/next@15.1.11_react-dom@19.0.0_react@19.0.0__react@19.0.0/node_modules/next/dist/client/components/react-dev-overlay/app/hot-reloader-client.js:67
