[     209ms] [LOG] [Fast Refresh] rebuilding @ webpack-internal:///(app-pages-browser)/./node_modules/.pnpm/next@15.1.11_react-dom@19.0.0_react@19.0.0__react@19.0.0/node_modules/next/dist/client/components/react-dev-overlay/app/hot-reloader-client.js:240
[    1114ms] [LOG] [Fast Refresh] done in 905ms @ webpack-internal:///(app-pages-browser)/./node_modules/.pnpm/next@15.1.11_react-dom@19.0.0_react@19.0.0__react@19.0.0/node_modules/next/dist/client/components/react-dev-overlay/app/hot-reloader-client.js:67
[    1241ms] [LOG] [Fast Refresh] done in 1033ms @ webpack-internal:///(app-pages-browser)/./node_modules/.pnpm/next@15.1.11_react-dom@19.0.0_react@19.0.0__react@19.0.0/node_modules/next/dist/client/components/react-dev-overlay/app/hot-reloader-client.js:67
[    1800ms] [INFO] %cDownload the React DevTools for a better development experience: https://react.dev/link/react-devtools font-weight:bold @ webpack-internal:///(app-pages-browser)/./node_modules/.pnpm/next@15.1.11_react-dom@19.0.0_react@19.0.0__react@19.0.0/node_modules/next/dist/compiled/react-dom/cjs/react-dom-client.development.js:24650
[    2561ms] [ERROR] Access to fetch at 'http://localhost:3030/box-lists/date/2026-05-19' from origin 'http://localhost:3001' has been blocked by CORS policy: Response to preflight request doesn't pass access control check: The 'Access-Control-Allow-Origin' header has a value 'http://localhost:3000' that is not equal to the supplied origin. Have the server send the header with a valid value. @ http://localhost:3001/privates:0
[    2561ms] [ERROR] Failed to load resource: net::ERR_FAILED @ http://localhost:3030/box-lists/date/2026-05-19:0
[    2563ms] [ERROR] Error al obtener BoxList: Failed to fetch @ webpack-internal:///(app-pages-browser)/./node_modules/.pnpm/next@15.1.11_react-dom@19.0.0_react@19.0.0__react@19.0.0/node_modules/next/dist/client/components/globals/intercept-console-error.js:50
[    2975ms] [LOG] 🔌 Conectado al WebSocket @ webpack-internal:///(app-pages-browser)/./src/hooks/use-notification.ts:41
[  116468ms] [WARNING] Warning: Missing `Description` or `aria-describedby={undefined}` for {DialogContent}. @ webpack-internal:///(app-pages-browser)/./node_modules/.pnpm/@radix-ui+react-dialog@1.1._c2901b41fdc778ad3ad832516a491241/node_modules/@radix-ui/react-dialog/dist/index.mjs:474
[  116471ms] [WARNING] Warning: Missing `Description` or `aria-describedby={undefined}` for {DialogContent}. @ webpack-internal:///(app-pages-browser)/./node_modules/.pnpm/@radix-ui+react-dialog@1.1._c2901b41fdc778ad3ad832516a491241/node_modules/@radix-ui/react-dialog/dist/index.mjs:474
[  116796ms] [ERROR] Access to fetch at 'http://localhost:3030/customers/c43019be-ed46-4997-894a-4fc70e394d6c' from origin 'http://localhost:3001' has been blocked by CORS policy: Response to preflight request doesn't pass access control check: The 'Access-Control-Allow-Origin' header has a value 'http://localhost:3000' that is not equal to the supplied origin. Have the server send the header with a valid value. @ http://localhost:3001/privates:0
[  116797ms] [ERROR] Failed to load resource: net::ERR_FAILED @ http://localhost:3030/customers/c43019be-ed46-4997-894a-4fc70e394d6c:0
[  116798ms] [ERROR] TypeError: Failed to fetch
    at getCustomerById (webpack-internal:///(app-pages-browser)/./src/services/customers.service.ts:59:32)
    at async PaymentSummaryTable.useEffect (webpack-internal:///(app-pages-browser)/./src/app/(protected)/(user)/components/receipts/payment-summary-customer-table.tsx:132:46) @ webpack-internal:///(app-pages-browser)/./node_modules/.pnpm/next@15.1.11_react-dom@19.0.0_react@19.0.0__react@19.0.0/node_modules/next/dist/client/components/globals/intercept-console-error.js:50
[  120334ms] [WARNING] Warning: Missing `Description` or `aria-describedby={undefined}` for {DialogContent}. @ webpack-internal:///(app-pages-browser)/./node_modules/.pnpm/@radix-ui+react-dialog@1.1._617843cc7cbb22405753b53080e03fa3/node_modules/@radix-ui/react-dialog/dist/index.mjs:476
[  120335ms] [WARNING] Warning: Missing `Description` or `aria-describedby={undefined}` for {DialogContent}. @ webpack-internal:///(app-pages-browser)/./node_modules/.pnpm/@radix-ui+react-dialog@1.1._617843cc7cbb22405753b53080e03fa3/node_modules/@radix-ui/react-dialog/dist/index.mjs:476
[  223235ms] [WARNING] Warning: Missing `Description` or `aria-describedby={undefined}` for {DialogContent}. @ webpack-internal:///(app-pages-browser)/./node_modules/.pnpm/@radix-ui+react-dialog@1.1._c2901b41fdc778ad3ad832516a491241/node_modules/@radix-ui/react-dialog/dist/index.mjs:474
[  223238ms] [WARNING] Warning: Missing `Description` or `aria-describedby={undefined}` for {DialogContent}. @ webpack-internal:///(app-pages-browser)/./node_modules/.pnpm/@radix-ui+react-dialog@1.1._c2901b41fdc778ad3ad832516a491241/node_modules/@radix-ui/react-dialog/dist/index.mjs:474
[  223561ms] [ERROR] Access to fetch at 'http://localhost:3030/customers/bfc5f969-5081-4b33-8e8c-e05d079fb0ed' from origin 'http://localhost:3001' has been blocked by CORS policy: Response to preflight request doesn't pass access control check: The 'Access-Control-Allow-Origin' header has a value 'http://localhost:3000' that is not equal to the supplied origin. Have the server send the header with a valid value. @ http://localhost:3001/owners:0
[  223561ms] [ERROR] Failed to load resource: net::ERR_FAILED @ http://localhost:3030/customers/bfc5f969-5081-4b33-8e8c-e05d079fb0ed:0
[  223562ms] [ERROR] TypeError: Failed to fetch
    at getCustomerById (webpack-internal:///(app-pages-browser)/./src/services/customers.service.ts:59:32)
    at async PaymentSummaryTable.useEffect (webpack-internal:///(app-pages-browser)/./src/app/(protected)/(user)/components/receipts/payment-summary-customer-table.tsx:132:46) @ webpack-internal:///(app-pages-browser)/./node_modules/.pnpm/next@15.1.11_react-dom@19.0.0_react@19.0.0__react@19.0.0/node_modules/next/dist/client/components/globals/intercept-console-error.js:50
[  239221ms] [ERROR] Access to fetch at 'http://localhost:3030/box-lists/date/2026-05-19' from origin 'http://localhost:3001' has been blocked by CORS policy: Response to preflight request doesn't pass access control check: The 'Access-Control-Allow-Origin' header has a value 'http://localhost:3000' that is not equal to the supplied origin. Have the server send the header with a valid value. @ http://localhost:3001/tickets:0
[  239221ms] [ERROR] Failed to load resource: net::ERR_FAILED @ http://localhost:3030/box-lists/date/2026-05-19:0
[  239222ms] [ERROR] Error al obtener BoxList: Failed to fetch @ webpack-internal:///(app-pages-browser)/./node_modules/.pnpm/next@15.1.11_react-dom@19.0.0_react@19.0.0__react@19.0.0/node_modules/next/dist/client/components/globals/intercept-console-error.js:50
[  243894ms] [ERROR] Access to fetch at 'http://localhost:3030/box-lists/date/2026-05-18' from origin 'http://localhost:3001' has been blocked by CORS policy: Response to preflight request doesn't pass access control check: The 'Access-Control-Allow-Origin' header has a value 'http://localhost:3000' that is not equal to the supplied origin. Have the server send the header with a valid value. @ http://localhost:3001/tickets:0
[  243894ms] [ERROR] Failed to load resource: net::ERR_FAILED @ http://localhost:3030/box-lists/date/2026-05-18:0
[  243894ms] [ERROR] Error al obtener BoxList: Failed to fetch @ webpack-internal:///(app-pages-browser)/./node_modules/.pnpm/next@15.1.11_react-dom@19.0.0_react@19.0.0__react@19.0.0/node_modules/next/dist/client/components/globals/intercept-console-error.js:50
[  245646ms] [ERROR] Access to fetch at 'http://localhost:3030/box-lists/date/2026-05-19' from origin 'http://localhost:3001' has been blocked by CORS policy: Response to preflight request doesn't pass access control check: The 'Access-Control-Allow-Origin' header has a value 'http://localhost:3000' that is not equal to the supplied origin. Have the server send the header with a valid value. @ http://localhost:3001/tickets:0
[  245646ms] [ERROR] Failed to load resource: net::ERR_FAILED @ http://localhost:3030/box-lists/date/2026-05-19:0
[  245646ms] [ERROR] Error al obtener BoxList: Failed to fetch @ webpack-internal:///(app-pages-browser)/./node_modules/.pnpm/next@15.1.11_react-dom@19.0.0_react@19.0.0__react@19.0.0/node_modules/next/dist/client/components/globals/intercept-console-error.js:50
[  252152ms] [WARNING] Warning: Missing `Description` or `aria-describedby={undefined}` for {DialogContent}. @ webpack-internal:///(app-pages-browser)/./node_modules/.pnpm/@radix-ui+react-dialog@1.1._c2901b41fdc778ad3ad832516a491241/node_modules/@radix-ui/react-dialog/dist/index.mjs:474
[  252153ms] [WARNING] Warning: Missing `Description` or `aria-describedby={undefined}` for {DialogContent}. @ webpack-internal:///(app-pages-browser)/./node_modules/.pnpm/@radix-ui+react-dialog@1.1._c2901b41fdc778ad3ad832516a491241/node_modules/@radix-ui/react-dialog/dist/index.mjs:474
[  259968ms] [ERROR] Access to fetch at 'http://localhost:3030/box-lists/date/2026-05-19' from origin 'http://localhost:3001' has been blocked by CORS policy: Response to preflight request doesn't pass access control check: The 'Access-Control-Allow-Origin' header has a value 'http://localhost:3000' that is not equal to the supplied origin. Have the server send the header with a valid value. @ http://localhost:3001/admin/users:0
[  259969ms] [ERROR] Failed to load resource: net::ERR_FAILED @ http://localhost:3030/box-lists/date/2026-05-19:0
[  259969ms] [ERROR] Error al obtener BoxList: Failed to fetch @ webpack-internal:///(app-pages-browser)/./node_modules/.pnpm/next@15.1.11_react-dom@19.0.0_react@19.0.0__react@19.0.0/node_modules/next/dist/client/components/globals/intercept-console-error.js:50
[  259970ms] [ERROR] Access to fetch at 'http://localhost:3030/box-lists/date/2026-05-19' from origin 'http://localhost:3001' has been blocked by CORS policy: Response to preflight request doesn't pass access control check: The 'Access-Control-Allow-Origin' header has a value 'http://localhost:3000' that is not equal to the supplied origin. Have the server send the header with a valid value. @ http://localhost:3001/admin/users:0
[  259970ms] [ERROR] Failed to load resource: net::ERR_FAILED @ http://localhost:3030/box-lists/date/2026-05-19:0
[  259970ms] [ERROR] Error al obtener BoxList: Failed to fetch @ webpack-internal:///(app-pages-browser)/./node_modules/.pnpm/next@15.1.11_react-dom@19.0.0_react@19.0.0__react@19.0.0/node_modules/next/dist/client/components/globals/intercept-console-error.js:50
[32583576ms] [LOG] ⚠️ Desconectado del WebSocket @ webpack-internal:///(app-pages-browser)/./src/hooks/use-notification.ts:65
[32602224ms] [ERROR] WebSocket connection to 'wss://garage-mitre-backend-production.up.railway.app/socket.io/?EIO=4&transport=websocket' failed: Error during WebSocket handshake: Unexpected response code: 404 @ webpack-internal:///(app-pages-browser)/./node_modules/.pnpm/engine.io-client@6.6.3/node_modules/engine.io-client/build/esm/transports/websocket.js:127
[32617458ms] [ERROR] WebSocket connection to 'wss://garage-mitre-backend-production.up.railway.app/socket.io/?EIO=4&transport=websocket' failed: Error during WebSocket handshake: Unexpected response code: 404 @ webpack-internal:///(app-pages-browser)/./node_modules/.pnpm/engine.io-client@6.6.3/node_modules/engine.io-client/build/esm/transports/websocket.js:127
[32632960ms] [ERROR] WebSocket connection to 'wss://garage-mitre-backend-production.up.railway.app/socket.io/?EIO=4&transport=websocket' failed: Error during WebSocket handshake: Unexpected response code: 404 @ webpack-internal:///(app-pages-browser)/./node_modules/.pnpm/engine.io-client@6.6.3/node_modules/engine.io-client/build/esm/transports/websocket.js:127
[32649066ms] [ERROR] WebSocket connection to 'wss://garage-mitre-backend-production.up.railway.app/socket.io/?EIO=4&transport=websocket' failed: Error during WebSocket handshake: Unexpected response code: 404 @ webpack-internal:///(app-pages-browser)/./node_modules/.pnpm/engine.io-client@6.6.3/node_modules/engine.io-client/build/esm/transports/websocket.js:127
[32664692ms] [ERROR] WebSocket connection to 'wss://garage-mitre-backend-production.up.railway.app/socket.io/?EIO=4&transport=websocket' failed: Error during WebSocket handshake: Unexpected response code: 404 @ webpack-internal:///(app-pages-browser)/./node_modules/.pnpm/engine.io-client@6.6.3/node_modules/engine.io-client/build/esm/transports/websocket.js:127
